// Jest Snapshot v1, https://goo.gl/fbAQLP

exports[`ChannelEpisodes when has a list of episodes render the category 1`] = `
<div
  className="feedcast__section"
>
  <div
    className="feedcast__channelEpisodes"
  />
  <div
    className="feedcast__pagination feedcast__pagination--white"
  >
    
  </div>
</div>
`;

exports[`ChannelEpisodes when has no data renders the no episode 1`] = `
<div
  className="feedcast__section"
>
  <div
    className="feedcast__channelEpisodes"
  />
  <div
    className="feedcast__pagination feedcast__pagination--white"
  >
    
  </div>
</div>
`;
