// Jest Snapshot v1, https://goo.gl/fbAQLP

exports[`ChannelEpisodes when has a list of category render the category 1`] = `
<div
  className="feedcast__channelEpisodes"
>
  <h1>
    Episodes
  </h1>
  <div
    className="feedcast__channelEpisode"
  >
    <div
      className="feedcast__channelEpisode-button-wrapper"
    >
      <button
        className="feedcast__channelEpisode-play-button"
        onClick={[Function]}
      >
        <i
          className="fa fa-play"
        />
      </button>
    </div>
    <div
      className="feedcast__channelEpisode-info-wrapper"
    >
      <h4>
        Pensando RPG #081 - Entenda a figura do Bruxo (Warlock)
      </h4>
      <p
        className="feedcast__channelEpisode-summary
              feedcast__channelEpisode-summary--see-less"
      >
        Neste episódio, falo sobre a figura do Bruxo e a sua respectiva classe em Dungeons & Dragons. Aqui, diferencio-o de outras classes mágicas e dou algumas ideias de jogabilidade e interpretação.
      </p>
      <button
        className="feedcast__channelEpisode-btn-see-more"
        onClick={[Function]}
      >
        See more
      </button>
      <span>
        00:12:40
      </span>
    </div>
  </div>
  <div
    className="feedcast__pagination feedcast__pagination--white"
  >
    
  </div>
</div>
`;

exports[`ChannelEpisodes when has no data renders the no episode 1`] = `
<div
  className="feedcast__channelEpisodes"
>
  <h1>
    Episodes
  </h1>
  
  <div
    className="feedcast__pagination feedcast__pagination--white"
  >
    
  </div>
</div>
`;
