// Jest Snapshot v1, https://goo.gl/fbAQLP

exports[`Category when has a list of category render the category 1`] = `
<div>
  <h1>
     
  </h1>
  <div
    className="feedcast__channel-list feedcast__channel-list--byCategory"
  />
</div>
`;

exports[`Category when has no data renders the no episode 1`] = `
<div>
  <h1>
     
  </h1>
  <div
    className="feedcast__channel-list feedcast__channel-list--byCategory"
  />
</div>
`;
