// Jest Snapshot v1, https://goo.gl/fbAQLP

exports[`EpisodesList when has a list of episodes render the episodes 1`] = `
<div
  className="feedcast__last-episodes feedcast__section"
>
  <h4>
    episodes.last_episodes
  </h4>
  <div
    className="feedcast__episodes-block"
  >
    <div
      className="feedcast__episodes-list"
    >
      <div
        className="feedcast__episode-card-wrapper"
      >
        <div
          className="feedcast__episode-card"
          onClick={[Function]}
          style={
            Object {
              "background": "url(https://img.feedcast.io/http%3A%2F%2Fi.imgur.com%2FmYRfJk7.png/300/300)",
            }
          }
        >
          <span
            className="feedcast__episode-duration"
          >
            00:12:40
          </span>
        </div>
        <h3>
          <a
            href="/pensando-rpg/pensando-rpg-number-081-entenda-a-figura-do-bruxo-warlock/"
            onClick={[Function]}
          >
            Pensando RPG #081 - Entenda a figura do Bruxo (Warlock)
          </a>
        </h3>
        <h5>
          <a
            href="/pensando-rpg/"
            onClick={[Function]}
          >
            Pensando RPG
          </a>
        </h5>
      </div>
    </div>
    <div
      className="feedcast__pagination feedcast__pagination--white"
    >
      <div
        className="feedcast__pagination-wrapper"
      >
        <a
          href="/episodes/1"
          onClick={[Function]}
        >
          <button>
            <i
              className="fa fa-angle-double-left"
            />
          </button>
        </a>
        <a
          className="active"
          href="/episodes/1"
          onClick={[Function]}
        >
          <button>
            1
          </button>
        </a>
        <a
          className=""
          href="/episodes/2"
          onClick={[Function]}
        >
          <button>
            2
          </button>
        </a>
        <a
          className=""
          href="/episodes/8"
          onClick={[Function]}
        >
          <button>
            8
          </button>
        </a>
        <a
          href="/episodes/2"
          onClick={[Function]}
        >
          <button>
            <i
              className="fa fa-angle-double-right"
            />
          </button>
        </a>
      </div>
    </div>
  </div>
</div>
`;

exports[`EpisodesList when has no data renders the no episode 1`] = `
<div
  className="feedcast__last-episodes feedcast__section"
>
  <h4>
    episodes.last_episodes
  </h4>
  <div
    className="feedcast__episodes-block"
  >
    <div
      className="feedcast__pagination feedcast__pagination--white"
    >
      
    </div>
  </div>
</div>
`;
